// Jest Snapshot v1, https://goo.gl/fbAQLP

exports[`basic ClockForm tests matches snapshot 1`] = `
<DocumentFragment>
  <div
    class="ClockForm"
  >
    <form
      class="ClockForm--form"
    >
      <div>
        <h4
          class="ClockFormRow--heading"
        >
          When do you want the clock to start?
        </h4>
        <div
          class="ClockFormRow row "
        >
          <div
            class="column time"
          >
            <label
              for="startTime"
            >
              Start Time
            </label>
            <input
              id="startTime"
              name="startTime"
              type="time"
              value=""
            />
          </div>
          <div
            class="column"
          >
            <label
              for="startColor"
            >
              Start Color
            </label>
            <input
              id="startColor"
              name="startColor"
              type="color"
              value="#00ff00"
            />
          </div>
        </div>
      </div>
      <div>
        <h4
          class="ClockFormRow--heading"
        >
          When do you want to warn?
        </h4>
        <div
          class="ClockFormRow row "
        >
          <div
            class="column time"
          >
            <label
              for="warningTime"
            >
              Warning Time
            </label>
            <input
              id="warningTime"
              name="warningTime"
              type="time"
              value=""
            />
          </div>
          <div
            class="column"
          >
            <label
              for="warningColor"
            >
              Warning Color
            </label>
            <input
              id="warningColor"
              name="warningColor"
              type="color"
              value="#ffff00"
            />
          </div>
        </div>
      </div>
      <div>
        <h4
          class="ClockFormRow--heading"
        >
          When is time up?
        </h4>
        <div
          class="ClockFormRow row "
        >
          <div
            class="column time"
          >
            <label
              for="endTime"
            >
              End Time
            </label>
            <input
              id="endTime"
              name="endTime"
              type="time"
              value=""
            />
          </div>
          <div
            class="column"
          >
            <label
              for="endColor"
            >
              End Color
            </label>
            <input
              id="endColor"
              name="endColor"
              type="color"
              value="#ff0000"
            />
          </div>
        </div>
      </div>
      <input
        class="ClockForm--button button hidden"
        type="submit"
        value="Create clock!"
      />
    </form>
  </div>
</DocumentFragment>
`;
